@CSHL_3_FC042AGLLWW:1:2:7:203 ATCGT
ATCGT
+CSHL_3_FC042AGLLWW:1:2:7:203
aab^V
@CSHL_3_FC042AGLLWW:1:2:7:203 ATCGT
ATCGT
+CSHL_3_FC042AGLLWW:1:2:7:203
aab^V
@CSHL_3_FC042AGLLWW:1:2:7:203 ATCGT
ATCGT
+CSHL_3_FC042AGLLWW:1:2:7:203
aab^V
@CSHL_3_FC042AGLLWW:1:2:7:203 ATCGT
ATCGT
+CSHL_3_FC042AGLLWW:1:2:7:203
aab^V
@CSHL_3_FC042AGLLWW:1:2:7:203 ATCTT
ATCTT
+CSHL_3_FC042AGLLWW:1:2:7:203
aab^V
@CSHL_3_FC042AGLLWW:1:2:7:203 ATCTT
ATCTT
+CSHL_3_FC042AGLLWW:1:2:7:203
aab^V
@CSHL_3_FC042AGLLWW:1:2:7:203 ATCTT
ATCTT
+CSHL_3_FC042AGLLWW:1:2:7:203
aab^V
@CSHL_3_FC042AGLLWW:1:2:7:203 ATCTT
ATCTT
+CSHL_3_FC042AGLLWW:1:2:7:203
aab^V
@CSHL_3_FC042AGLLWW:1:2:7:203 ATCTC
ATCTC
+CSHL_3_FC042AGLLWW:1:2:7:203
aab^V
@CSHL_3_FC042AGLLWW:1:2:7:203 ATCTC
ATCTC
+CSHL_3_FC042AGLLWW:1:2:7:203
aab^V
@CSHL_3_FC042AGLLWW:1:2:7:203 ATCTC
ATCTC
+CSHL_3_FC042AGLLWW:1:2:7:203
aab^V
@CSHL_3_FC042AGLLWW:1:2:7:203 ATCTC
ATCTC
+CSHL_3_FC042AGLLWW:1:2:7:203
aab^V
