@HWI-X00000:2:000000000-XXXXX:1:1117:19643:1028 1:N:0: GATCT
GATCTAGTAGTAGTAGA
+HWI-X00000:2:000000000-XXXXX:1:1117:19643:1028 1:N:0:
aab^V^aU]`aa^aZaa
@HWI-X00000:2:000000000-XXXXX:1:1117:19644:1028 1:N:0: GATCT
GATCTAGTAGTAGTAGA
+HWI-X00000:2:000000000-XXXXX:1:1117:19644:1028 1:N:0:
aab^V^aU]`aa^aZaa
@HWI-X00000:2:000000000-XXXXX:1:1117:19643:2028 1:N:0: GATCT
GATCTAGTAGTAGTAGA
+HWI-X00000:2:000000000-XXXXX:1:1117:19643:2028 1:N:0:
aab^V^aU]`aa^aZaa
@HWI-X00000:2:000000000-XXXXX:1:1117:19643:1028 1:N:0: GATCT
GATCTAGTAGTAGTAGA
+HWI-X00000:2:000000000-XXXXX:1:1117:19643:1028 1:N:0:
aab^V^aU]`aa^aZaa
@HWI-X00000:2:000000000-XXXXX:1:1117:19643:1028 1:N:0: GATCT
GATCTAGTAGTAGTAGA
+HWI-X00000:2:000000000-XXXXX:1:1117:19643:1028 1:N:0:
aab^V^aU]`aa^aZaa
