@CSHL_3_FC042AGLLWW:1:2:7:203 GATCT
GATCT
+CSHL_3_FC042AGLLWW:1:2:7:203
aab^V
@CSHL_3_FC042AGLLWW:1:2:7:203 GATCT
GATCT
+CSHL_3_FC042AGLLWW:1:2:7:203
aab^V
@CSHL_3_FC042AGLLWW:1:2:7:203 GATCT
GATCT
+CSHL_3_FC042AGLLWW:1:2:7:203
aab^V
@CSHL_3_FC042AGLLWW:1:2:7:203 GATCT
GATCT
+CSHL_3_FC042AGLLWW:1:2:7:203
aab^V
@CSHL_3_FC042AGLLWW:1:2:7:203 GATCT
GATCT
+CSHL_3_FC042AGLLWW:1:2:7:203
aab^V
