@HWI-X00000:2:000000000-XXXXX:1:1117:19643:1028 3:N:0: GGTCT
GGTCT
+HWI-X00000:2:000000000-XXXXX:1:1117:19643:1028 3:N:0:
aab^V
@HWI-X00000:2:000000000-XXXXX:1:1117:19643:1028 3:N:0: GGTCT
GGTCT
+HWI-X00000:2:000000000-XXXXX:1:1117:19643:1028 3:N:0:
aab^V
@HWI-X00000:2:000000000-XXXXX:1:1117:19643:1028 3:N:0: GGTCT
GGTCT
+HWI-X00000:2:000000000-XXXXX:1:1117:19643:1028 3:N:0:
aab^V
@HWI-X00000:2:000000000-XXXXX:1:1117:19643:1028 3:N:0: GGTAT
GGTAT
+HWI-X00000:2:000000000-XXXXX:1:1117:19643:1028 3:N:0:
aab^V
@HWI-X00000:2:000000000-XXXXX:1:1117:19643:1028 3:N:0: GGTAT
GGTAT
+HWI-X00000:2:000000000-XXXXX:1:1117:19643:1028 3:N:0:
aab^V
@HWI-X00000:2:000000000-XXXXX:1:1117:19643:1028 3:N:0: GGTAT
GGTAT
+HWI-X00000:2:000000000-XXXXX:1:1117:19643:1028 3:N:0:
aab^V
@HWI-X00000:2:000000000-XXXXX:1:1117:19643:1028 3:N:0: GGTAC
GGTAC
+HWI-X00000:2:000000000-XXXXX:1:1117:19643:1028 3:N:0:
aab^V
@HWI-X00000:2:000000000-XXXXX:1:1117:19643:1028 3:N:0: GGTAC
GGTAC
+HWI-X00000:2:000000000-XXXXX:1:1117:19643:1028 3:N:0:
aab^V
@HWI-X00000:2:000000000-XXXXX:1:1117:19643:1028 3:N:0: GGTAC
GGTAC
+HWI-X00000:2:000000000-XXXXX:1:1117:19643:1028 3:N:0:
aab^V
@HWI-X00000:2:000000000-XXXXX:1:1117:19643:1028 3:N:0: TAGTT
TAGTT
+HWI-X00000:2:000000000-XXXXX:1:1117:19643:1028 3:N:0:
aab^V
@HWI-X00000:2:000000000-XXXXX:1:1117:19643:1028 3:N:0: TAGTT
TAGTT
+HWI-X00000:2:000000000-XXXXX:1:1117:19643:1028 3:N:0:
aab^V
@HWI-X00000:2:000000000-XXXXX:1:1117:19643:1028 3:N:0: TAGTT
TAGTT
+HWI-X00000:2:000000000-XXXXX:1:1117:19643:1028 3:N:0:
aab^V
@HWI-X00000:2:000000000-XXXXX:1:1117:19643:1028 3:N:0: TAGTT
TAGTT
+HWI-X00000:2:000000000-XXXXX:1:1117:19643:1028 3:N:0:
aab^V
@HWI-X00000:2:000000000-XXXXX:1:1117:19643:1028 3:N:0: TAGTT
TAGTT
+HWI-X00000:2:000000000-XXXXX:1:1117:19643:1028 3:N:0:
aab^V
@HWI-X00000:2:000000000-XXXXX:1:1117:19643:1028 3:N:0: TAGTT
TAGTT
+HWI-X00000:2:000000000-XXXXX:1:1117:19643:1028 3:N:0:
aab^V
