@CSHL_3_FC042AGLLWW:1:2:7:203/1 GATCT
GATCTAGTAGTAGTAGA
+CSHL_3_FC042AGLLWW:1:2:7:203/1
aab^V^aU]`aa^aZaa
@CSHL_3_FC042AGLLWW:1:2:8:203/1 GATCT
GATCTAGTAGTAGTAGA
+CSHL_3_FC042AGLLWW:1:2:8:203/1
aab^V^aU]`aa^aZaa
@CSHL_3_FC042AGLLWW:1:2:9:203/1 GATCT
GATCTAGTAGTAGTAGA
+CSHL_3_FC042AGLLWW:1:2:9:203/1
aab^V^aU]`aa^aZaa
@CSHL_3_FC042AGLLWW:1:2:10:203/1 GATCT
GATCTAGTAGTAGTAGA
+CSHL_3_FC042AGLLWW:1:2:10:203/1
aab^V^aU]`aa^aZaa
@CSHL_3_FC042AGLLWW:1:2:7:203/1 GATCT
GATCTAGTAGTAGTAGA
+CSHL_3_FC042AGLLWW:1:2:7:203/1
aab^V^aU]`aa^aZaa
