@CSHL_3_FC042AGLLWW:1:2:7:203/2 ATCGT
ATCGT
+CSHL_3_FC042AGLLWW:1:2:7:203/2
aab^V
@CSHL_3_FC042AGLLWW:1:2:7:203/2 ATCGT
ATCGT
+CSHL_3_FC042AGLLWW:1:2:7:203/2
aab^V
@CSHL_3_FC042AGLLWW:1:2:7:203/2 ATCGT
ATCGT
+CSHL_3_FC042AGLLWW:1:2:7:203/2
aab^V
@CSHL_3_FC042AGLLWW:1:2:7:203/2 ATCGT
ATCGT
+CSHL_3_FC042AGLLWW:1:2:7:203/2
aab^V
@CSHL_3_FC042AGLLWW:1:2:7:203/2 ATCTT
ATCTT
+CSHL_3_FC042AGLLWW:1:2:7:203/2
aab^V
@CSHL_3_FC042AGLLWW:1:2:7:203/2 ATCTT
ATCTT
+CSHL_3_FC042AGLLWW:1:2:7:203/2
aab^V
@CSHL_3_FC042AGLLWW:1:2:7:203/2 ATCTT
ATCTT
+CSHL_3_FC042AGLLWW:1:2:7:203/2
aab^V
@CSHL_3_FC042AGLLWW:1:2:7:203/2 ATCTT
ATCTT
+CSHL_3_FC042AGLLWW:1:2:7:203/2
aab^V
@CSHL_3_FC042AGLLWW:1:2:7:203/2 ATCTC
ATCTC
+CSHL_3_FC042AGLLWW:1:2:7:203/2
aab^V
@CSHL_3_FC042AGLLWW:1:2:7:203/2 ATCTC
ATCTC
+CSHL_3_FC042AGLLWW:1:2:7:203/2
aab^V
@CSHL_3_FC042AGLLWW:1:2:7:203/2 ATCTC
ATCTC
+CSHL_3_FC042AGLLWW:1:2:7:203/2
aab^V
@CSHL_3_FC042AGLLWW:1:2:7:203/2 ATCTC
ATCTC
+CSHL_3_FC042AGLLWW:1:2:7:203/2
aab^V
