@CSHL_3_FC042AGLLWW:1:2:7:203 GGTACGAGTATACACAT
GGTAC
+CSHL_3_FC042AGLLWW:1:2:7:203
aab^V
@CSHL_3_FC042AGLLWW:1:2:7:203 GGTACTCTCTATGTACA
GGTAC
+CSHL_3_FC042AGLLWW:1:2:7:203
aab^V
@CSHL_3_FC042AGLLWW:1:2:7:203 GGTACGAGTATACACAT
GGTAC
+CSHL_3_FC042AGLLWW:1:2:7:203
aab^V
@HWI-X00000:2:000000000-XXXXX:1:1117:19643:1028 3:N:0: TGTCTGAGTATACACAT
TGTCT
+HWI-X00000:2:000000000-XXXXX:1:1117:19643:1028 3:N:0:
aab^V
