@CSHL_3_FC042AGLLWW:1:2:7:203 ATCGT
ATCGTTCTCTATGTACA
+CSHL_3_FC042AGLLWW:1:2:7:203
aab^V^aU]`aa^aZaa
@CSHL_3_FC042AGLLWW:1:2:7:203 ATCGT
ATCGTGAGTATACACAT
+CSHL_3_FC042AGLLWW:1:2:7:203
aab^V^aU]`aa^aZaa
@CSHL_3_FC042AGLLWW:1:2:7:203 ATCGT
ATCGTTCTCTATGTACA
+CSHL_3_FC042AGLLWW:1:2:7:203
aab^V^aU]`aa^aZaa
@CSHL_3_FC042AGLLWW:1:2:7:203 ATCGT
ATCGTGAGTATACACAT
+CSHL_3_FC042AGLLWW:1:2:7:203
aab^V^aU]`aa^aZaa
@CSHL_3_FC042AGLLWW:1:2:7:203 ATCTT
ATCTTTCTCTATGTACA
+CSHL_3_FC042AGLLWW:1:2:7:203
aab^V^aU]`aa^aZaa
@CSHL_3_FC042AGLLWW:1:2:7:203 ATCTT
ATCTTGAGTATACACAT
+CSHL_3_FC042AGLLWW:1:2:7:203
aab^V^aU]`aa^aZaa
@CSHL_3_FC042AGLLWW:1:2:7:203 ATCTT
ATCTTGAGTATACACAT
+CSHL_3_FC042AGLLWW:1:2:7:203
aab^V^aU]`aa^aZaa
@CSHL_3_FC042AGLLWW:1:2:7:203 ATCTT
ATCTTTCTCTATGTACA
+CSHL_3_FC042AGLLWW:1:2:7:203
aab^V^aU]`aa^aZaa
@CSHL_3_FC042AGLLWW:1:2:7:203 ATCTC
ATCTCGAGTATACACAT
+CSHL_3_FC042AGLLWW:1:2:7:203
aab^V^aU]`aa^aZaa
@CSHL_3_FC042AGLLWW:1:2:7:203 ATCTC
ATCTCGAGTATACACAT
+CSHL_3_FC042AGLLWW:1:2:7:203
aab^V^aU]`aa^aZaa
@CSHL_3_FC042AGLLWW:1:2:7:203 ATCTC
ATCTCTCTCTATGTACA
+CSHL_3_FC042AGLLWW:1:2:7:203
aab^V^aU]`aa^aZaa
@CSHL_3_FC042AGLLWW:1:2:7:203 ATCTC
ATCTCGAGTATACACAT
+CSHL_3_FC042AGLLWW:1:2:7:203
aab^V^aU]`aa^aZaa
