ERROR: File exists: test_output/test_19_unmatched-read-1.out.gz.
