@HWI-X00000:2:000000000-XXXXX:1:1117:19643:1028 3:N:0: GATCT
GATCT
+HWI-X00000:2:000000000-XXXXX:1:1117:19643:1028 3:N:0:
aab^V
@HWI-X00000:2:000000000-XXXXX:1:1117:19644:1028 3:N:0: GATCT
GATCT
+HWI-X00000:2:000000000-XXXXX:1:1117:19644:1028 3:N:0:
aab^V
@HWI-X00000:2:000000000-XXXXX:1:1117:19643:2028 3:N:0: GATCT
GATCT
+HWI-X00000:2:000000000-XXXXX:1:1117:19643:2028 3:N:0:
aab^V
@HWI-X00000:2:000000000-XXXXX:1:1117:19643:1028 3:N:0: GATCT
GATCT
+HWI-X00000:2:000000000-XXXXX:1:1117:19643:1028 3:N:0:
aab^V
@HWI-X00000:2:000000000-XXXXX:1:1117:19643:1028 3:N:0: GATCT
GATCT
+HWI-X00000:2:000000000-XXXXX:1:1117:19643:1028 3:N:0:
aab^V
