@CSHL_3_FC042AGLLWW:1:2:7:203/1 GGTCT
GGTCTAGTAGTAGTAGA
+CSHL_3_FC042AGLLWW:1:2:7:203/1
aab^V^aU]`aa^aZaa
@CSHL_3_FC042AGLLWW:1:2:7:203/1 GGTCT
GGTCTTCTCTATGTACA
+CSHL_3_FC042AGLLWW:1:2:7:203/1
aab^V^aU]`aa^aZaa
@CSHL_3_FC042AGLLWW:1:2:7:203/1 GGTCT
GGTCTGAGTATACACAT
+CSHL_3_FC042AGLLWW:1:2:7:203/1
aab^V^aU]`aa^aZaa
@CSHL_3_FC042AGLLWW:1:2:7:203/1 GGTAT
GGTATTCTCTATGTACA
+CSHL_3_FC042AGLLWW:1:2:7:203/1
aab^V^aU]`aa^aZaa
@CSHL_3_FC042AGLLWW:1:2:7:203/1 GGTAT
GGTATTCTCTATGTACA
+CSHL_3_FC042AGLLWW:1:2:7:203/1
aab^V^aU]`aa^aZaa
@CSHL_3_FC042AGLLWW:1:2:7:203/1 GGTAT
GGTATTCTCTATGTACA
+CSHL_3_FC042AGLLWW:1:2:7:203/1
aab^V^aU]`aa^aZaa
@CSHL_3_FC042AGLLWW:1:2:7:203/1 GGTAC
GGTACGAGTATACACAT
+CSHL_3_FC042AGLLWW:1:2:7:203/1
aab^V^aU]`aa^aZaa
@CSHL_3_FC042AGLLWW:1:2:7:203/1 GGTAC
GGTACTCTCTATGTACA
+CSHL_3_FC042AGLLWW:1:2:7:203/1
aab^V^aU]`aa^aZaa
@CSHL_3_FC042AGLLWW:1:2:7:203/1 GGTAC
GGTACGAGTATACACAT
+CSHL_3_FC042AGLLWW:1:2:7:203/1
aab^V^aU]`aa^aZaa
@CSHL_3_FC042AGLLWW:1:2:7:203/1 TAGTT
TAGTTGAGTATACACAT
+CSHL_3_FC042AGLLWW:1:2:7:203/1
aab^V^aU]`aa^aZaa
@CSHL_3_FC042AGLLWW:1:2:7:203/1 TAGTT
TAGTTGAGTATACACAT
+CSHL_3_FC042AGLLWW:1:2:7:203/1
aab^V^aU]`aa^aZaa
@CSHL_3_FC042AGLLWW:1:2:7:203/1 TAGTT
TAGTTTCTCTATGTACA
+CSHL_3_FC042AGLLWW:1:2:7:203/1
aab^V^aU]`aa^aZaa
@CSHL_3_FC042AGLLWW:1:2:7:203/1 TAGTT
TAGTTTCTCTATGTACA
+CSHL_3_FC042AGLLWW:1:2:7:203/1
aab^V^aU]`aa^aZaa
@CSHL_3_FC042AGLLWW:1:2:7:203/1 TAGTT
TAGTTGAGTATACACAT
+CSHL_3_FC042AGLLWW:1:2:7:203/1
aab^V^aU]`aa^aZaa
@CSHL_3_FC042AGLLWW:1:2:7:203/1 TAGTT
TAGTTTCTCTATGTACA
+CSHL_3_FC042AGLLWW:1:2:7:203/1
aab^V^aU]`aa^aZaa
