@CSHL_3_FC042AGLLWW:1:2:7:203 GGTACGAGTATACACAT
GGTACGAGTATACACAT
+CSHL_3_FC042AGLLWW:1:2:7:203
aab^V^aU]`aa^aZaa
@CSHL_3_FC042AGLLWW:1:2:7:203 GGTACTCTCTATGTACA
GGTACTCTCTATGTACA
+CSHL_3_FC042AGLLWW:1:2:7:203
aab^V^aU]`aa^aZaa
@CSHL_3_FC042AGLLWW:1:2:7:203 GGTACGAGTATACACAT
GGTACGAGTATACACAT
+CSHL_3_FC042AGLLWW:1:2:7:203
aab^V^aU]`aa^aZaa
@HWI-X00000:2:000000000-XXXXX:1:1117:19643:1028 1:N:0: TGTCTGAGTATACACAT
TGTCTGAGTATACACAT
+HWI-X00000:2:000000000-XXXXX:1:1117:19643:1028 1:N:0:
aab^V^aU]`aa^aZaa
