Sample	Barcode1	Count	Percent	Files
BC1	GATCT	5	11.90%	test_output/test_4_BC1-read-*.out
BC2	ATCGT	12	28.57%	test_output/test_4_BC2-read-*.out
BC3	GTGAT	9	21.43%	test_output/test_4_BC3-read-*.out
BC4	TGTC	4	9.52%	test_output/test_4_BC4-read-*.out
unmatched	unmatched	12	28.57%	test_output/test_4_unmatched-read-*.out
