ERROR: File exists: test_output/test_15_unmatched-read-1.out.
