ERROR: Directory in prefix [baddir/test_17_] does not exist.
