ERROR: Directory in prefix [baddir/test_12_] does not exist.
