@CSHL_3_FC042AGLLWW:1:2:7:203/2 GATCT
GATCT
+CSHL_3_FC042AGLLWW:1:2:7:203/2
aab^V
@CSHL_3_FC042AGLLWW:1:2:8:202/2 GATCT
GATCT
+CSHL_3_FC042AGLLWW:1:2:8:202/2
aab^V
@CSHL_3_FC042AGLLWW:1:2:9:203/2 GATCT
GATCT
+CSHL_3_FC042AGLLWW:1:2:9:203/2
aab^V
@CSHL_3_FC042AGLLWW:1:2:10:203/2 GATCT
GATCT
+CSHL_3_FC042AGLLWW:1:2:10:203/2
aab^V
@CSHL_3_FC042AGLLWW:1:2:7:203/2 GATCT
GATCT
+CSHL_3_FC042AGLLWW:1:2:7:203/2
aab^V
