ERROR: File exists: test_output/test_16_BC1-read-1.out.
