Sample	Barcode1	Count	Percent	Files
BC/1	GATCT	5	11.90%	test_output/test_21_BC_1-read-*.out
