@CSHL_3_FC042AGLLWW:1:2:7:203/2 GGAAT
GGAAT
+CSHL_3_FC042AGLLWW:1:2:7:203/2
aab^V
@CSHL_3_FC042AGLLWW:1:2:7:203/2 GGAAT
GGAAT
+CSHL_3_FC042AGLLWW:1:2:7:203/2
aab^V
@CSHL_3_FC042AGLLWW:1:2:7:203/2 GGAAT
GGAAT
+CSHL_3_FC042AGLLWW:1:2:7:203/2
aab^V
@CSHL_3_FC042AGLLWW:1:2:7:203/2 GGAAT
GGAAT
+CSHL_3_FC042AGLLWW:1:2:7:203/2
aab^V
@CSHL_3_FC042AGLLWW:1:2:7:203/2 GGAAT
GGAAT
+CSHL_3_FC042AGLLWW:1:2:7:203/2
aab^V
@CSHL_3_FC042AGLLWW:1:2:7:203/2 GGAAT
GGAAT
+CSHL_3_FC042AGLLWW:1:2:7:203/2
aab^V
@CSHL_3_FC042AGLLWW:1:2:7:203/2 GGAAT
GGAAT
+CSHL_3_FC042AGLLWW:1:2:7:203/2
aab^V
@CSHL_3_FC042AGLLWW:1:2:7:203/2 GGAAT
GGAAT
+CSHL_3_FC042AGLLWW:1:2:7:203/2
aab^V
@CSHL_3_FC042AGLLWW:1:2:7:203/2 GGAAT
GGAAT
+CSHL_3_FC042AGLLWW:1:2:7:203/2
aab^V
