Sample	Barcode1	Count	Percent	Files
BC1	GATCT	1	2.38%	test_output/test_11_BC1-read-*.out
BC2	ATCGT	4	9.52%	test_output/test_11_BC2-read-*.out
BC3	GTGAT	0	0.00%	test_output/test_11_BC3-read-*.out
BC4	TGTCT	1	2.38%	test_output/test_11_BC4-read-*.out
unmatched	unmatched	36	85.71%	test_output/test_11_unmatched-read-*.out
