@CSHL_3_FC042AGLLWW:1:2:7:203/1 ATCGT
ATCGTTCTCTATGTACA
+CSHL_3_FC042AGLLWW:1:2:7:203/1
aab^V^aU]`aa^aZaa
@CSHL_3_FC042AGLLWW:1:2:7:203/1 ATCGT
ATCGTGAGTATACACAT
+CSHL_3_FC042AGLLWW:1:2:7:203/1
aab^V^aU]`aa^aZaa
@CSHL_3_FC042AGLLWW:1:2:7:203/1 ATCGT
ATCGTTCTCTATGTACA
+CSHL_3_FC042AGLLWW:1:2:7:203/1
aab^V^aU]`aa^aZaa
@CSHL_3_FC042AGLLWW:1:2:7:203/1 ATCGT
ATCGTGAGTATACACAT
+CSHL_3_FC042AGLLWW:1:2:7:203/1
aab^V^aU]`aa^aZaa
@CSHL_3_FC042AGLLWW:1:2:7:203/1 ATCTT
ATCTTTCTCTATGTACA
+CSHL_3_FC042AGLLWW:1:2:7:203/1
aab^V^aU]`aa^aZaa
@CSHL_3_FC042AGLLWW:1:2:7:203/1 ATCTT
ATCTTGAGTATACACAT
+CSHL_3_FC042AGLLWW:1:2:7:203/1
aab^V^aU]`aa^aZaa
@CSHL_3_FC042AGLLWW:1:2:7:203/1 ATCTT
ATCTTGAGTATACACAT
+CSHL_3_FC042AGLLWW:1:2:7:203/1
aab^V^aU]`aa^aZaa
@CSHL_3_FC042AGLLWW:1:2:7:203/1 ATCTT
ATCTTTCTCTATGTACA
+CSHL_3_FC042AGLLWW:1:2:7:203/1
aab^V^aU]`aa^aZaa
@CSHL_3_FC042AGLLWW:1:2:7:203/1 ATCTC
ATCTCGAGTATACACAT
+CSHL_3_FC042AGLLWW:1:2:7:203/1
aab^V^aU]`aa^aZaa
@CSHL_3_FC042AGLLWW:1:2:7:203/1 ATCTC
ATCTCGAGTATACACAT
+CSHL_3_FC042AGLLWW:1:2:7:203/1
aab^V^aU]`aa^aZaa
@CSHL_3_FC042AGLLWW:1:2:7:203/1 ATCTC
ATCTCTCTCTATGTACA
+CSHL_3_FC042AGLLWW:1:2:7:203/1
aab^V^aU]`aa^aZaa
@CSHL_3_FC042AGLLWW:1:2:7:203/1 ATCTC
ATCTCGAGTATACACAT
+CSHL_3_FC042AGLLWW:1:2:7:203/1
aab^V^aU]`aa^aZaa
