@CSHL_3_FC042AGLLWW:1:2:7:203 GGTCTAGTAGTAGTAGA
GGTCT
+CSHL_3_FC042AGLLWW:1:2:7:203
aab^V
@CSHL_3_FC042AGLLWW:1:2:7:203 GGTCTTCTCTATGTACA
GGTCT
+CSHL_3_FC042AGLLWW:1:2:7:203
aab^V
@CSHL_3_FC042AGLLWW:1:2:7:203 GGTCTGAGTATACACAT
GGTCT
+CSHL_3_FC042AGLLWW:1:2:7:203
aab^V
@CSHL_3_FC042AGLLWW:1:2:7:203 GGTATTCTCTATGTACA
GGTAT
+CSHL_3_FC042AGLLWW:1:2:7:203
aab^V
@CSHL_3_FC042AGLLWW:1:2:7:203 GGTATTCTCTATGTACA
GGTAT
+CSHL_3_FC042AGLLWW:1:2:7:203
aab^V
@CSHL_3_FC042AGLLWW:1:2:7:203 GGTATTCTCTATGTACA
GGTAT
+CSHL_3_FC042AGLLWW:1:2:7:203
aab^V
@CSHL_3_FC042AGLLWW:1:2:7:203 TAGTTGAGTATACACAT
TAGTT
+CSHL_3_FC042AGLLWW:1:2:7:203
aab^V
@CSHL_3_FC042AGLLWW:1:2:7:203 TAGTTGAGTATACACAT
TAGTT
+CSHL_3_FC042AGLLWW:1:2:7:203
aab^V
@CSHL_3_FC042AGLLWW:1:2:7:203 TAGTTTCTCTATGTACA
TAGTT
+CSHL_3_FC042AGLLWW:1:2:7:203
aab^V
@CSHL_3_FC042AGLLWW:1:2:7:203 TAGTTTCTCTATGTACA
TAGTT
+CSHL_3_FC042AGLLWW:1:2:7:203
aab^V
@CSHL_3_FC042AGLLWW:1:2:7:203 TAGTTGAGTATACACAT
TAGTT
+CSHL_3_FC042AGLLWW:1:2:7:203
aab^V
@CSHL_3_FC042AGLLWW:1:2:7:203/2 TAGTTTCTCTATGTACA
TAGTT
+CSHL_3_FC042AGLLWW:1:2:7:203/2
aab^V
