ERROR: 1 input files do not exist: baddir/barcode_splitter1.fastq
