ERROR: File exists: test_output/test_20_BC1-read-1.out.gz.
