@CSHL_3_FC042AGLLWW:1:2:7:203 ATCGTTCTCTATGTACA
ATCGTTCTCTATGTACA
+CSHL_3_FC042AGLLWW:1:2:7:203
aab^V^aU]`aa^aZaa
@CSHL_3_FC042AGLLWW:1:2:7:203 ATCGTGAGTATACACAT
ATCGTGAGTATACACAT
+CSHL_3_FC042AGLLWW:1:2:7:203
aab^V^aU]`aa^aZaa
@CSHL_3_FC042AGLLWW:1:2:7:203 ATCGTTCTCTATGTACA
ATCGTTCTCTATGTACA
+CSHL_3_FC042AGLLWW:1:2:7:203
aab^V^aU]`aa^aZaa
@CSHL_3_FC042AGLLWW:1:2:7:203 ATCGTGAGTATACACAT
ATCGTGAGTATACACAT
+CSHL_3_FC042AGLLWW:1:2:7:203
aab^V^aU]`aa^aZaa
@CSHL_3_FC042AGLLWW:1:2:7:203 ATCTTTCTCTATGTACA
ATCTTTCTCTATGTACA
+CSHL_3_FC042AGLLWW:1:2:7:203
aab^V^aU]`aa^aZaa
@CSHL_3_FC042AGLLWW:1:2:7:203 ATCTTGAGTATACACAT
ATCTTGAGTATACACAT
+CSHL_3_FC042AGLLWW:1:2:7:203
aab^V^aU]`aa^aZaa
@CSHL_3_FC042AGLLWW:1:2:7:203 ATCTTGAGTATACACAT
ATCTTGAGTATACACAT
+CSHL_3_FC042AGLLWW:1:2:7:203
aab^V^aU]`aa^aZaa
@CSHL_3_FC042AGLLWW:1:2:7:203 ATCTTTCTCTATGTACA
ATCTTTCTCTATGTACA
+CSHL_3_FC042AGLLWW:1:2:7:203
aab^V^aU]`aa^aZaa
@CSHL_3_FC042AGLLWW:1:2:7:203 ATCTCGAGTATACACAT
ATCTCGAGTATACACAT
+CSHL_3_FC042AGLLWW:1:2:7:203
aab^V^aU]`aa^aZaa
@CSHL_3_FC042AGLLWW:1:2:7:203 ATCTCGAGTATACACAT
ATCTCGAGTATACACAT
+CSHL_3_FC042AGLLWW:1:2:7:203
aab^V^aU]`aa^aZaa
@CSHL_3_FC042AGLLWW:1:2:7:203 ATCTCTCTCTATGTACA
ATCTCTCTCTATGTACA
+CSHL_3_FC042AGLLWW:1:2:7:203
aab^V^aU]`aa^aZaa
@CSHL_3_FC042AGLLWW:1:2:7:203 ATCTCGAGTATACACAT
ATCTCGAGTATACACAT
+CSHL_3_FC042AGLLWW:1:2:7:203
aab^V^aU]`aa^aZaa
