@HWI-X00000:2:000000000-XXXXX:1:1117:19643:1028 1:N:0: GGAAT
GGAATGAGTATACACAT
+HWI-X00000:2:000000000-XXXXX:1:1117:19643:1028 1:N:0:
aab^V^aU]`aa^aZaa
@HWI-X00000:2:000000000-XXXXX:1:1117:19643:1028 1:N:0: GGAAT
GGAATTCTCTATGTACA
+HWI-X00000:2:000000000-XXXXX:1:1117:19643:1028 1:N:0:
aab^V^aU]`aa^aZaa
@HWI-X00000:2:000000000-XXXXX:1:1117:19643:1028 1:N:0: GGAAT
GGAATGAGTATACACAT
+HWI-X00000:2:000000000-XXXXX:1:1117:19643:1028 1:N:0:
aab^V^aU]`aa^aZaa
@HWI-X00000:2:000000000-XXXXX:1:1117:19643:1028 1:N:0: GGAAT
GGAATTCTCTATGTACA
+HWI-X00000:2:000000000-XXXXX:1:1117:19643:1028 1:N:0:
aab^V^aU]`aa^aZaa
@HWI-X00000:2:000000000-XXXXX:1:1117:19643:1028 1:N:0: GGAAT
GGAATGAGTATACACAT
+HWI-X00000:2:000000000-XXXXX:1:1117:19643:1028 1:N:0:
aab^V^aU]`aa^aZaa
@HWI-X00000:2:000000000-XXXXX:1:1117:19643:1028 1:N:0: GGAAT
GGAATTCTCTATGTACA
+HWI-X00000:2:000000000-XXXXX:1:1117:19643:1028 1:N:0:
aab^V^aU]`aa^aZaa
@HWI-X00000:2:000000000-XXXXX:1:1117:19643:1028 1:N:0: GGAAT
GGAATGAGTATACACAT
+HWI-X00000:2:000000000-XXXXX:1:1117:19643:1028 1:N:0:
aab^V^aU]`aa^aZaa
@HWI-X00000:2:000000000-XXXXX:1:1117:19643:1028 1:N:0: GGAAT
GGAATTCTCTATGTACA
+HWI-X00000:2:000000000-XXXXX:1:1117:19643:1028 1:N:0:
aab^V^aU]`aa^aZaa
@HWI-X00000:2:000000000-XXXXX:1:1117:19643:1028 1:N:0: GGAAT
GGAATGAGTATACACAT
+HWI-X00000:2:000000000-XXXXX:1:1117:19643:1028 1:N:0:
aab^V^aU]`aa^aZaa
