ERROR: fastq-multx command failed with a non-zero exit code [3]:
