@CSHL_3_FC042AGLLWW:1:2:7:203/2 GGTCT
GGTCT
+CSHL_3_FC042AGLLWW:1:2:7:203/2
aab^V
@CSHL_3_FC042AGLLWW:1:2:7:203/2 GGTCT
GGTCT
+CSHL_3_FC042AGLLWW:1:2:7:203/2
aab^V
@CSHL_3_FC042AGLLWW:1:2:7:203/2 GGTCT
GGTCT
+CSHL_3_FC042AGLLWW:1:2:7:203/2
aab^V
@CSHL_3_FC042AGLLWW:1:2:7:203/2 GGTAT
GGTAT
+CSHL_3_FC042AGLLWW:1:2:7:203/2
aab^V
@CSHL_3_FC042AGLLWW:1:2:7:203/2 GGTAT
GGTAT
+CSHL_3_FC042AGLLWW:1:2:7:203/2
aab^V
@CSHL_3_FC042AGLLWW:1:2:7:203/2 GGTAT
GGTAT
+CSHL_3_FC042AGLLWW:1:2:7:203/2
aab^V
@CSHL_3_FC042AGLLWW:1:2:7:203/2 GGTAC
GGTAC
+CSHL_3_FC042AGLLWW:1:2:7:203/2
aab^V
@CSHL_3_FC042AGLLWW:1:2:7:203/2 GGTAC
GGTAC
+CSHL_3_FC042AGLLWW:1:2:7:203/2
aab^V
@CSHL_3_FC042AGLLWW:1:2:7:203/2 GGTAC
GGTAC
+CSHL_3_FC042AGLLWW:1:2:7:203/2
aab^V
@CSHL_3_FC042AGLLWW:1:2:7:203/2 TAGTT
TAGTT
+CSHL_3_FC042AGLLWW:1:2:7:203/2
aab^V
@CSHL_3_FC042AGLLWW:1:2:7:203/2 TAGTT
TAGTT
+CSHL_3_FC042AGLLWW:1:2:7:203/2
aab^V
@CSHL_3_FC042AGLLWW:1:2:7:203/2 TAGTT
TAGTT
+CSHL_3_FC042AGLLWW:1:2:7:203/2
aab^V
@CSHL_3_FC042AGLLWW:1:2:7:203/2 TAGTT
TAGTT
+CSHL_3_FC042AGLLWW:1:2:7:203/2
aab^V
@CSHL_3_FC042AGLLWW:1:2:7:203/2 TAGTT
TAGTT
+CSHL_3_FC042AGLLWW:1:2:7:203/2
aab^V
@CSHL_3_FC042AGLLWW:1:2:7:203/2 TAGTT
TAGTT
+CSHL_3_FC042AGLLWW:1:2:7:203/2
aab^V
