@CSHL_3_FC042AGLLWW:1:2:7:203 GGAATGAGTATACACAT
GGAAT
+CSHL_3_FC042AGLLWW:1:2:7:203
aab^V
@CSHL_3_FC042AGLLWW:1:2:7:203 GGAATTCTCTATGTACA
GGAAT
+CSHL_3_FC042AGLLWW:1:2:7:203
aab^V
@CSHL_3_FC042AGLLWW:1:2:7:203 GGAATGAGTATACACAT
GGAAT
+CSHL_3_FC042AGLLWW:1:2:7:203
aab^V
@CSHL_3_FC042AGLLWW:1:2:7:203 GGAATTCTCTATGTACA
GGAAT
+CSHL_3_FC042AGLLWW:1:2:7:203
aab^V
@CSHL_3_FC042AGLLWW:1:2:7:203 GGAATGAGTATACACAT
GGAAT
+CSHL_3_FC042AGLLWW:1:2:7:203
aab^V
@CSHL_3_FC042AGLLWW:1:2:7:203 GGAATTCTCTATGTACA
GGAAT
+CSHL_3_FC042AGLLWW:1:2:7:203
aab^V
@CSHL_3_FC042AGLLWW:1:2:7:203 GGAATGAGTATACACAT
GGAAT
+CSHL_3_FC042AGLLWW:1:2:7:203
aab^V
@CSHL_3_FC042AGLLWW:1:2:7:203 GGAATTCTCTATGTACA
GGAAT
+CSHL_3_FC042AGLLWW:1:2:7:203
aab^V
@CSHL_3_FC042AGLLWW:1:2:7:203 GGAATGAGTATACACAT
GGAAT
+CSHL_3_FC042AGLLWW:1:2:7:203
aab^V
