@HWI-X00000:2:000000000-XXXXX:1:1117:19643:1028 3:N:0: ATCGT
ATCGT
+HWI-X00000:2:000000000-XXXXX:1:1117:19643:1028 3:N:0:
aab^V
@HWI-X00000:2:000000000-XXXXX:1:1117:19643:1028 3:N:0: ATCGT
ATCGT
+HWI-X00000:2:000000000-XXXXX:1:1117:19643:1028 3:N:0:
aab^V
@HWI-X00000:2:000000000-XXXXX:1:1117:19643:1028 3:N:0: ATCGT
ATCGT
+HWI-X00000:2:000000000-XXXXX:1:1117:19643:1028 3:N:0:
aab^V
@HWI-X00000:2:000000000-XXXXX:1:1117:19643:1028 3:N:0: ATCGT
ATCGT
+HWI-X00000:2:000000000-XXXXX:1:1117:19643:1028 3:N:0:
aab^V
@HWI-X00000:2:000000000-XXXXX:1:1117:19643:1028 3:N:0: ATCTT
ATCTT
+HWI-X00000:2:000000000-XXXXX:1:1117:19643:1028 3:N:0:
aab^V
@HWI-X00000:2:000000000-XXXXX:1:1117:19643:1028 3:N:0: ATCTT
ATCTT
+HWI-X00000:2:000000000-XXXXX:1:1117:19643:1028 3:N:0:
aab^V
@HWI-X00000:2:000000000-XXXXX:1:1117:19643:1028 3:N:0: ATCTT
ATCTT
+HWI-X00000:2:000000000-XXXXX:1:1117:19643:1028 3:N:0:
aab^V
@HWI-X00000:2:000000000-XXXXX:1:1117:19643:1028 3:N:0: ATCTT
ATCTT
+HWI-X00000:2:000000000-XXXXX:1:1117:19643:1028 3:N:0:
aab^V
@HWI-X00000:2:000000000-XXXXX:1:1117:19643:1028 3:N:0: ATCTC
ATCTC
+HWI-X00000:2:000000000-XXXXX:1:1117:19643:1028 3:N:0:
aab^V
@HWI-X00000:2:000000000-XXXXX:1:1117:19643:1028 3:N:0: ATCTC
ATCTC
+HWI-X00000:2:000000000-XXXXX:1:1117:19643:1028 3:N:0:
aab^V
@HWI-X00000:2:000000000-XXXXX:1:1117:19643:1028 3:N:0: ATCTC
ATCTC
+HWI-X00000:2:000000000-XXXXX:1:1117:19643:1028 3:N:0:
aab^V
@HWI-X00000:2:000000000-XXXXX:1:1117:19643:1028 3:N:0: ATCTC
ATCTC
+HWI-X00000:2:000000000-XXXXX:1:1117:19643:1028 3:N:0:
aab^V
