Using Barcode File: test_data/barcode_splitter_barcodes_fqmx.txt
