Sample	Barcode1	Count	Percent	Files
BC1	GATCT	5	11.90%	test_output/test_1_BC1-read-*.out
BC2	ATCGT	12	28.57%	test_output/test_1_BC2-read-*.out
BC3	GTGAT	9	21.43%	test_output/test_1_BC3-read-*.out
BC4	TGTCT	1	2.38%	test_output/test_1_BC4-read-*.out
unmatched	unmatched	15	35.71%	test_output/test_1_unmatched-read-*.out
