@HWI-X00000:2:000000000-XXXXX:1:1117:19643:1028 1:N:0: ATCGT
ATCGTTCTCTATGTACA
+HWI-X00000:2:000000000-XXXXX:1:1117:19643:1028 1:N:0:
aab^V^aU]`aa^aZaa
@HWI-X00000:2:000000000-XXXXX:1:1117:19643:1028 1:N:0: ATCGT
ATCGTGAGTATACACAT
+HWI-X00000:2:000000000-XXXXX:1:1117:19643:1028 1:N:0:
aab^V^aU]`aa^aZaa
@HWI-X00000:2:000000000-XXXXX:1:1117:19643:1028 1:N:0: ATCGT
ATCGTTCTCTATGTACA
+HWI-X00000:2:000000000-XXXXX:1:1117:19643:1028 1:N:0:
aab^V^aU]`aa^aZaa
@HWI-X00000:2:000000000-XXXXX:1:1117:19643:1028 1:N:0: ATCGT
ATCGTGAGTATACACAT
+HWI-X00000:2:000000000-XXXXX:1:1117:19643:1028 1:N:0:
aab^V^aU]`aa^aZaa
@HWI-X00000:2:000000000-XXXXX:1:1117:19643:1028 1:N:0: ATCTT
ATCTTTCTCTATGTACA
+HWI-X00000:2:000000000-XXXXX:1:1117:19643:1028 1:N:0:
aab^V^aU]`aa^aZaa
@HWI-X00000:2:000000000-XXXXX:1:1117:19643:1028 1:N:0: ATCTT
ATCTTGAGTATACACAT
+HWI-X00000:2:000000000-XXXXX:1:1117:19643:1028 1:N:0:
aab^V^aU]`aa^aZaa
@HWI-X00000:2:000000000-XXXXX:1:1117:19643:1028 1:N:0: ATCTT
ATCTTGAGTATACACAT
+HWI-X00000:2:000000000-XXXXX:1:1117:19643:1028 1:N:0:
aab^V^aU]`aa^aZaa
@HWI-X00000:2:000000000-XXXXX:1:1117:19643:1028 1:N:0: ATCTT
ATCTTTCTCTATGTACA
+HWI-X00000:2:000000000-XXXXX:1:1117:19643:1028 1:N:0:
aab^V^aU]`aa^aZaa
@HWI-X00000:2:000000000-XXXXX:1:1117:19643:1028 1:N:0: ATCTC
ATCTCGAGTATACACAT
+HWI-X00000:2:000000000-XXXXX:1:1117:19643:1028 1:N:0:
aab^V^aU]`aa^aZaa
@HWI-X00000:2:000000000-XXXXX:1:1117:19643:1028 1:N:0: ATCTC
ATCTCGAGTATACACAT
+HWI-X00000:2:000000000-XXXXX:1:1117:19643:1028 1:N:0:
aab^V^aU]`aa^aZaa
@HWI-X00000:2:000000000-XXXXX:1:1117:19643:1028 1:N:0: ATCTC
ATCTCTCTCTATGTACA
+HWI-X00000:2:000000000-XXXXX:1:1117:19643:1028 1:N:0:
aab^V^aU]`aa^aZaa
@HWI-X00000:2:000000000-XXXXX:1:1117:19643:1028 1:N:0: ATCTC
ATCTCGAGTATACACAT
+HWI-X00000:2:000000000-XXXXX:1:1117:19643:1028 1:N:0:
aab^V^aU]`aa^aZaa
