@CSHL_3_FC042AGLLWW:1:2:7:203 ATCGTTCTCTATGTACA
ATCGT
+CSHL_3_FC042AGLLWW:1:2:7:203
aab^V
@CSHL_3_FC042AGLLWW:1:2:7:203 ATCGTGAGTATACACAT
ATCGT
+CSHL_3_FC042AGLLWW:1:2:7:203
aab^V
@CSHL_3_FC042AGLLWW:1:2:7:203 ATCGTTCTCTATGTACA
ATCGT
+CSHL_3_FC042AGLLWW:1:2:7:203
aab^V
@CSHL_3_FC042AGLLWW:1:2:7:203 ATCGTGAGTATACACAT
ATCGT
+CSHL_3_FC042AGLLWW:1:2:7:203
aab^V
@CSHL_3_FC042AGLLWW:1:2:7:203 ATCTTTCTCTATGTACA
ATCTT
+CSHL_3_FC042AGLLWW:1:2:7:203
aab^V
@CSHL_3_FC042AGLLWW:1:2:7:203 ATCTTGAGTATACACAT
ATCTT
+CSHL_3_FC042AGLLWW:1:2:7:203
aab^V
@CSHL_3_FC042AGLLWW:1:2:7:203 ATCTTGAGTATACACAT
ATCTT
+CSHL_3_FC042AGLLWW:1:2:7:203
aab^V
@CSHL_3_FC042AGLLWW:1:2:7:203 ATCTTTCTCTATGTACA
ATCTT
+CSHL_3_FC042AGLLWW:1:2:7:203
aab^V
@CSHL_3_FC042AGLLWW:1:2:7:203 ATCTCGAGTATACACAT
ATCTC
+CSHL_3_FC042AGLLWW:1:2:7:203
aab^V
@CSHL_3_FC042AGLLWW:1:2:7:203 ATCTCGAGTATACACAT
ATCTC
+CSHL_3_FC042AGLLWW:1:2:7:203
aab^V
@CSHL_3_FC042AGLLWW:1:2:7:203 ATCTCTCTCTATGTACA
ATCTC
+CSHL_3_FC042AGLLWW:1:2:7:203
aab^V
@CSHL_3_FC042AGLLWW:1:2:7:203 ATCTCGAGTATACACAT
ATCTC
+CSHL_3_FC042AGLLWW:1:2:7:203
aab^V
