@CSHL_3_FC042AGLLWW:1:2:7:203 GAT
GAT
+CSHL_3_FC042AGLLWW:1:2:7:203
aab
@CSHL_3_FC042AGLLWW:1:2:7:203 GA
GA
+CSHL_3_FC042AGLLWW:1:2:7:203
aa
@CSHL_3_FC042AGLLWW:1:2:7:203 G
G
+CSHL_3_FC042AGLLWW:1:2:7:203
a
@CSHL_3_FC042AGLLWW:1:2:7:203 

+CSHL_3_FC042AGLLWW:1:2:7:203

@CSHL_3_FC042AGLLWW:1:2:7:203 GGTCTAGTAGTAGTAGA
GGTCTAGTAGTAGTAGA
+CSHL_3_FC042AGLLWW:1:2:7:203
aab^V^aU]`aa^aZaa
@CSHL_3_FC042AGLLWW:1:2:7:203 GGTCTTCTCTATGTACA
GGTCTTCTCTATGTACA
+CSHL_3_FC042AGLLWW:1:2:7:203
aab^V^aU]`aa^aZaa
@CSHL_3_FC042AGLLWW:1:2:7:203 GGTCTGAGTATACACAT
GGTCTGAGTATACACAT
+CSHL_3_FC042AGLLWW:1:2:7:203
aab^V^aU]`aa^aZaa
@CSHL_3_FC042AGLLWW:1:2:7:203 GGTATTCTCTATGTACA
GGTATTCTCTATGTACA
+CSHL_3_FC042AGLLWW:1:2:7:203
aab^V^aU]`aa^aZaa
@CSHL_3_FC042AGLLWW:1:2:7:203 GGTATTCTCTATGTACA
GGTATTCTCTATGTACA
+CSHL_3_FC042AGLLWW:1:2:7:203
aab^V^aU]`aa^aZaa
@CSHL_3_FC042AGLLWW:1:2:7:203 GGTATTCTCTATGTACA
GGTATTCTCTATGTACA
+CSHL_3_FC042AGLLWW:1:2:7:203
aab^V^aU]`aa^aZaa
@CSHL_3_FC042AGLLWW:1:2:7:203 GGTACGAGTATACACAT
GGTACGAGTATACACAT
+CSHL_3_FC042AGLLWW:1:2:7:203
aab^V^aU]`aa^aZaa
@CSHL_3_FC042AGLLWW:1:2:7:203 GGTACTCTCTATGTACA
GGTACTCTCTATGTACA
+CSHL_3_FC042AGLLWW:1:2:7:203
aab^V^aU]`aa^aZaa
@CSHL_3_FC042AGLLWW:1:2:7:203 GGTACGAGTATACACAT
GGTACGAGTATACACAT
+CSHL_3_FC042AGLLWW:1:2:7:203
aab^V^aU]`aa^aZaa
@CSHL_3_FC042AGLLWW:1:2:7:203 ATCTTTCTCTATGTACA
ATCTTTCTCTATGTACA
+CSHL_3_FC042AGLLWW:1:2:7:203
aab^V^aU]`aa^aZaa
@CSHL_3_FC042AGLLWW:1:2:7:203 ATCTTGAGTATACACAT
ATCTTGAGTATACACAT
+CSHL_3_FC042AGLLWW:1:2:7:203
aab^V^aU]`aa^aZaa
@CSHL_3_FC042AGLLWW:1:2:7:203 ATCTTGAGTATACACAT
ATCTTGAGTATACACAT
+CSHL_3_FC042AGLLWW:1:2:7:203
aab^V^aU]`aa^aZaa
@CSHL_3_FC042AGLLWW:1:2:7:203 ATCTTTCTCTATGTACA
ATCTTTCTCTATGTACA
+CSHL_3_FC042AGLLWW:1:2:7:203
aab^V^aU]`aa^aZaa
@CSHL_3_FC042AGLLWW:1:2:7:203 ATCTCGAGTATACACAT
ATCTCGAGTATACACAT
+CSHL_3_FC042AGLLWW:1:2:7:203
aab^V^aU]`aa^aZaa
@CSHL_3_FC042AGLLWW:1:2:7:203 ATCTCGAGTATACACAT
ATCTCGAGTATACACAT
+CSHL_3_FC042AGLLWW:1:2:7:203
aab^V^aU]`aa^aZaa
@CSHL_3_FC042AGLLWW:1:2:7:203 ATCTCTCTCTATGTACA
ATCTCTCTCTATGTACA
+CSHL_3_FC042AGLLWW:1:2:7:203
aab^V^aU]`aa^aZaa
@CSHL_3_FC042AGLLWW:1:2:7:203 ATCTCGAGTATACACAT
ATCTCGAGTATACACAT
+CSHL_3_FC042AGLLWW:1:2:7:203
aab^V^aU]`aa^aZaa
@CSHL_3_FC042AGLLWW:1:2:7:203 GGAATGAGTATACACAT
GGAATGAGTATACACAT
+CSHL_3_FC042AGLLWW:1:2:7:203
aab^V^aU]`aa^aZaa
@CSHL_3_FC042AGLLWW:1:2:7:203 GGAATTCTCTATGTACA
GGAATTCTCTATGTACA
+CSHL_3_FC042AGLLWW:1:2:7:203
aab^V^aU]`aa^aZaa
@CSHL_3_FC042AGLLWW:1:2:7:203 GGAATGAGTATACACAT
GGAATGAGTATACACAT
+CSHL_3_FC042AGLLWW:1:2:7:203
aab^V^aU]`aa^aZaa
@CSHL_3_FC042AGLLWW:1:2:7:203 GGAATTCTCTATGTACA
GGAATTCTCTATGTACA
+CSHL_3_FC042AGLLWW:1:2:7:203
aab^V^aU]`aa^aZaa
@CSHL_3_FC042AGLLWW:1:2:7:203 GGAATGAGTATACACAT
GGAATGAGTATACACAT
+CSHL_3_FC042AGLLWW:1:2:7:203
aab^V^aU]`aa^aZaa
@CSHL_3_FC042AGLLWW:1:2:7:203 GGAATTCTCTATGTACA
GGAATTCTCTATGTACA
+CSHL_3_FC042AGLLWW:1:2:7:203
aab^V^aU]`aa^aZaa
@CSHL_3_FC042AGLLWW:1:2:7:203 GGAATGAGTATACACAT
GGAATGAGTATACACAT
+CSHL_3_FC042AGLLWW:1:2:7:203
aab^V^aU]`aa^aZaa
@CSHL_3_FC042AGLLWW:1:2:7:203 GGAATTCTCTATGTACA
GGAATTCTCTATGTACA
+CSHL_3_FC042AGLLWW:1:2:7:203
aab^V^aU]`aa^aZaa
@CSHL_3_FC042AGLLWW:1:2:7:203 GGAATGAGTATACACAT
GGAATGAGTATACACAT
+CSHL_3_FC042AGLLWW:1:2:7:203
aab^V^aU]`aa^aZaa
@CSHL_3_FC042AGLLWW:1:2:7:203 TAGTTGAGTATACACAT
TAGTTGAGTATACACAT
+CSHL_3_FC042AGLLWW:1:2:7:203
aab^V^aU]`aa^aZaa
@CSHL_3_FC042AGLLWW:1:2:7:203 TAGTTGAGTATACACAT
TAGTTGAGTATACACAT
+CSHL_3_FC042AGLLWW:1:2:7:203
aab^V^aU]`aa^aZaa
@CSHL_3_FC042AGLLWW:1:2:7:203 TAGTTTCTCTATGTACA
TAGTTTCTCTATGTACA
+CSHL_3_FC042AGLLWW:1:2:7:203
aab^V^aU]`aa^aZaa
@CSHL_3_FC042AGLLWW:1:2:7:203 TAGTTTCTCTATGTACA
TAGTTTCTCTATGTACA
+CSHL_3_FC042AGLLWW:1:2:7:203
aab^V^aU]`aa^aZaa
@CSHL_3_FC042AGLLWW:1:2:7:203 TAGTTGAGTATACACAT
TAGTTGAGTATACACAT
+CSHL_3_FC042AGLLWW:1:2:7:203
aab^V^aU]`aa^aZaa
@CSHL_3_FC042AGLLWW:1:2:7:203/1 TAGTTTCTCTATGTACA
TAGTTTCTCTATGTACA
+CSHL_3_FC042AGLLWW:1:2:7:203/1
aab^V^aU]`aa^aZaa
