@HWI-X00000:2:000000000-XXXXX:1:1117:19643:1028 1:N:0: GGTCT
GGTCTAGTAGTAGTAGA
+HWI-X00000:2:000000000-XXXXX:1:1117:19643:1028 1:N:0:
aab^V^aU]`aa^aZaa
@HWI-X00000:2:000000000-XXXXX:1:1117:19643:1028 1:N:0: GGTCT
GGTCTTCTCTATGTACA
+HWI-X00000:2:000000000-XXXXX:1:1117:19643:1028 1:N:0:
aab^V^aU]`aa^aZaa
@HWI-X00000:2:000000000-XXXXX:1:1117:19643:1028 1:N:0: GGTCT
GGTCTGAGTATACACAT
+HWI-X00000:2:000000000-XXXXX:1:1117:19643:1028 1:N:0:
aab^V^aU]`aa^aZaa
@HWI-X00000:2:000000000-XXXXX:1:1117:19643:1028 1:N:0: GGTAT
GGTATTCTCTATGTACA
+HWI-X00000:2:000000000-XXXXX:1:1117:19643:1028 1:N:0:
aab^V^aU]`aa^aZaa
@HWI-X00000:2:000000000-XXXXX:1:1117:19643:1028 1:N:0: GGTAT
GGTATTCTCTATGTACA
+HWI-X00000:2:000000000-XXXXX:1:1117:19643:1028 1:N:0:
aab^V^aU]`aa^aZaa
@HWI-X00000:2:000000000-XXXXX:1:1117:19643:1028 1:N:0: GGTAT
GGTATTCTCTATGTACA
+HWI-X00000:2:000000000-XXXXX:1:1117:19643:1028 1:N:0:
aab^V^aU]`aa^aZaa
@HWI-X00000:2:000000000-XXXXX:1:1117:19643:1028 1:N:0: GGTAC
GGTACGAGTATACACAT
+HWI-X00000:2:000000000-XXXXX:1:1117:19643:1028 1:N:0:
aab^V^aU]`aa^aZaa
@HWI-X00000:2:000000000-XXXXX:1:1117:19643:1028 1:N:0: GGTAC
GGTACTCTCTATGTACA
+HWI-X00000:2:000000000-XXXXX:1:1117:19643:1028 1:N:0:
aab^V^aU]`aa^aZaa
@HWI-X00000:2:000000000-XXXXX:1:1117:19643:1028 1:N:0: GGTAC
GGTACGAGTATACACAT
+HWI-X00000:2:000000000-XXXXX:1:1117:19643:1028 1:N:0:
aab^V^aU]`aa^aZaa
@HWI-X00000:2:000000000-XXXXX:1:1117:19643:1028 1:N:0: TAGTT
TAGTTGAGTATACACAT
+HWI-X00000:2:000000000-XXXXX:1:1117:19643:1028 1:N:0:
aab^V^aU]`aa^aZaa
@HWI-X00000:2:000000000-XXXXX:1:1117:19643:1028 1:N:0: TAGTT
TAGTTGAGTATACACAT
+HWI-X00000:2:000000000-XXXXX:1:1117:19643:1028 1:N:0:
aab^V^aU]`aa^aZaa
@HWI-X00000:2:000000000-XXXXX:1:1117:19643:1028 1:N:0: TAGTT
TAGTTTCTCTATGTACA
+HWI-X00000:2:000000000-XXXXX:1:1117:19643:1028 1:N:0:
aab^V^aU]`aa^aZaa
@HWI-X00000:2:000000000-XXXXX:1:1117:19643:1028 1:N:0: TAGTT
TAGTTTCTCTATGTACA
+HWI-X00000:2:000000000-XXXXX:1:1117:19643:1028 1:N:0:
aab^V^aU]`aa^aZaa
@HWI-X00000:2:000000000-XXXXX:1:1117:19643:1028 1:N:0: TAGTT
TAGTTGAGTATACACAT
+HWI-X00000:2:000000000-XXXXX:1:1117:19643:1028 1:N:0:
aab^V^aU]`aa^aZaa
@HWI-X00000:2:000000000-XXXXX:1:1117:19643:1028 1:N:0: TAGTT
TAGTTTCTCTATGTACA
+HWI-X00000:2:000000000-XXXXX:1:1117:19643:1028 1:N:0:
aab^V^aU]`aa^aZaa
